NCAGT: : NetCDF: Attribute not found
NCAGT: : NetCDF: Attribute not found
NCAGT: : NetCDF: Attribute not found
NCAGT: : NetCDF: Attribute not found
NCAGT: : NetCDF: Attribute not found
NCAGT: : NetCDF: Attribute not found
NCAGT: : NetCDF: Attribute not found
NCAGT: : NetCDF: Attribute not found
NCAGT: : NetCDF: Attribute not found
NCAGT: : NetCDF: Attribute not found
NCAGT: : NetCDF: Attribute not found
NCAGT: : NetCDF: Attribute not found
NCAGT: : NetCDF: Attribute not found
NCAGT: : NetCDF: Attribute not found
NCAGT: : NetCDF: Attribute not found
NCAGT: : NetCDF: Attribute not found
NCAGT: : NetCDF: Attribute not found
NCAGT: : NetCDF: Attribute not found
NCAGT: : NetCDF: Attribute not found
NCAGT: : NetCDF: Attribute not found
NCAGT: : NetCDF: Attribute not found
NCAGT: : NetCDF: Attribute not found
NCAGT: : NetCDF: Attribute not found
NCAGT: : NetCDF: Attribute not found
NCAGT: : NetCDF: Attribute not found
NCAGT: : NetCDF: Attribute not found
NCAGT: : NetCDF: Attribute not found
NCAGT: : NetCDF: Attribute not found
NCAGT: : NetCDF: Attribute not found
NCAGT: : NetCDF: Attribute not found
NCAGT: : NetCDF: Attribute not found
NCAGT: : NetCDF: Attribute not found
NCAGT: : NetCDF: Attribute not found
NCAGT: : NetCDF: Attribute not found
NCAGT: : NetCDF: Attribute not found
NCAGT: : NetCDF: Attribute not found
NCAGT: : NetCDF: Attribute not found
NCAGT: : NetCDF: Attribute not found
NCAGT: : NetCDF: Attribute not found
NCAGT: : NetCDF: Attribute not found
NCAGT: : NetCDF: Attribute not found
NCAGT: : NetCDF: Attribute not found
NCAGT: : NetCDF: Attribute not found
NCAGT: : NetCDF: Attribute not found
NCAGT: : NetCDF: Attribute not found
NCAGT: : NetCDF: Attribute not found
NCAGT: : NetCDF: Attribute not found
NCAGT: : NetCDF: Attribute not found
NCAGT: : NetCDF: Attribute not found
NCAGT: : NetCDF: Attribute not found
NCAGT: : NetCDF: Attribute not found
NCAGT: : NetCDF: Attribute not found
